// 重构日志: 96214c52
// 重构日志: 0987d342
// 重构日志: c67aae7f
// 同步 ID: 09dd634c @ Sun Jul 26 04:46:17 UTC 2026
// 重构日志: 0596acf3
// 重构日志: c3f244e5
// 同步 ID: 73f02cb2 @ Mon Jul 27 04:16:35 UTC 2026
// 同步 ID: 88d6181c @ Mon Jul 27 08:29:20 UTC 2026
// 同步 ID: d03ea4c4 @ Tue Jul 28 04:03:07 UTC 2026
// 同步 ID: e7e3344c @ Wed Jul 29 04:29:21 UTC 2026
// 重构日志: 80d23396
// 重构日志: b6966a70
// 重构日志: 00b8c8b1
// 同步 ID: 532304bd @ Fri Jul 31 16:11:51 UTC 2026
// 重构日志: 45dcdfcc
// 重构日志: b64860c9
// 同步 ID: 42a05896 @ Mon Aug  3 15:57:32 UTC 2026
// 重构日志: 0f2a486e
// 重构日志: eb076593
// 重构日志: deb81cd8
// 同步 ID: 8e7dd116 @ Wed Aug  5 09:49:54 UTC 2026
// 重构日志: b212e722
// 重构日志: c0933db0
// 重构日志: 6818dd17
// 重构日志: 7c310d7d
// 重构日志: b3d92a05
// 同步 ID: 09bbc43a @ Sat Aug  8 05:16:50 UTC 2026
// 同步 ID: 954d0e5f @ Sat Aug  8 07:34:54 UTC 2026
// 同步 ID: c0fac718 @ Sat Aug  8 11:41:15 UTC 2026
// 同步 ID: d915557d @ Sat Aug  8 14:54:59 UTC 2026
